sample.interval=20000
"sort" "cond_cov" "cond_mean_new" "EM_fit.halfsibdata" 
"paste" "t" "ccov" "ccomp" "EM_fit.halfsibdata" 
"sort" "ccov" "ccomp" "EM_fit.halfsibdata" 
"order" "sort.int" "sort.default" "sort" "toString" "W" "ccov" "ccomp" "EM_fit.halfsibdata" 
"paste" "ccov" "ccomp" "EM_fit.halfsibdata" 
"findCenvVar" "getInlineInfo" "tryInline" "cmpCall" "cmp" "h" "tryInline" "cmpCall" "cmp" "h" "tryInline" "cmpCall" "cmp" "cmpForBody" "h" "tryInline" "cmpCall" "cmp" "h" "tryInline" "cmpCall" "cmp" "cmpForBody" "h" "tryInline" "cmpCall" "cmp" "h" "tryInline" "cmpCall" "cmp" "cmpForBody" "h" "tryInline" "cmpCall" "cmp" "h" "tryInline" "cmpCall" "cmp" "genCode" "cmpfun" "doTryCatch" "tryCatchOne" "tryCatchList" "tryCatch" "compiler:::tryCmpfun" "cond_cov" "EM_fit.halfsibdata" 
"cmpPrim2" "h" "tryInline" "cmpCall" "cmp" "genCode" "cb$putconst" "cmpCallArgs" "cmpCallSymFun" "cmpCall" "cmp" "cmpComplexAssign" "h" "tryInline" "cmpCall" "cmp" "h" "tryInline" "cmpCall" "cmp" "cmpForBody" "h" "tryInline" "cmpCall" "cmp" "h" "tryInline" "cmpCall" "cmp" "genCode" "cmpfun" "doTryCatch" "tryCatchOne" "tryCatchList" "tryCatch" "compiler:::tryCmpfun" "make_W" "cond_cov" "EM_fit.halfsibdata" 
"eval" "match.arg" "order" "sort.int" "sort.default" "sort" "cond_cov" "cond_mean_new" "EM_fit.halfsibdata" 
"sort.int" "sort.default" "sort" "ccov" "ccomp" "EM_fit.halfsibdata" 
"order" "sort.int" "sort.default" "sort" "toString" "W" "ccov" "ccomp" "EM_fit.halfsibdata" 
"toString" "W" "ccov" "ccomp" "EM_fit.halfsibdata" 
"toString" "W" "ccov" "ccomp" "EM_fit.halfsibdata" 
"toString" "W" "ccov" "ccomp" "EM_fit.halfsibdata" 
"toString" "W" "ccov" "ccomp" "EM_fit.halfsibdata" 
"toString" "W" "ccov" "ccomp" "EM_fit.halfsibdata" 
"toString" "W" "ccov" "ccomp" "EM_fit.halfsibdata" 
"match.arg" "sort.int" "sort.default" "sort" "toString" "W" "ccov" "ccomp" "EM_fit.halfsibdata" 
"unique.default" "unique" ".External2" "%>%" "cond_cov" "EM_fit.halfsibdata" 
"c" "match.arg" "sort.int" "sort.default" "sort" "ccov" "ccomp" "EM_fit.halfsibdata" 
"sort.int" "sort.default" "sort" "toString" "W" "ccov" "ccomp" "EM_fit.halfsibdata" 
"as.character" "pmatch" "match.arg" "order" "sort.int" "sort.default" "sort" "ccov" "ccomp" "EM_fit.halfsibdata" 
"sys.function" "formals" "match.arg" "order" "sort.int" "sort.default" "sort" "toString" "W" "ccov" "ccomp" "EM_fit.halfsibdata" 
"paste" "cond_cov" "EM_fit.halfsibdata" 
"length" "order" "sort.int" "sort.default" "sort" "ccov" "ccomp" "EM_fit.halfsibdata" 
"sort.int" "sort.default" "sort" "ccov" "ccomp" "EM_fit.halfsibdata" 
"ccomp" "EM_fit.halfsibdata" 
"sort" "ccov" "ccomp" "EM_fit.halfsibdata" 
"pmatch" "match.arg" "order" "sort.int" "sort.default" "sort" "cond_cov" "cond_mean_new" "EM_fit.halfsibdata" 
"paste" "toString.default" "toString" "t" "ccov" "ccomp" "EM_fit.halfsibdata" 
"sort" "ccov" "ccomp" "EM_fit.halfsibdata" 
"sys.function" "formals" "match.arg" "order" "sort.int" "sort.default" "sort" "ccov" "ccomp" "EM_fit.halfsibdata" 
".makeSortEnum" ".doSortWrap" "sort.int" "sort.default" "sort" "ccov" "ccomp" "EM_fit.halfsibdata" 
"match.arg" "order" "sort.int" "sort.default" "sort" "cond_cov" "cond_mean_new" "EM_fit.halfsibdata" 
".makeSortEnum" ".doSortWrap" "sort.int" "sort.default" "sort" "ccov" "ccomp" "EM_fit.halfsibdata" 
"paste" "ccov" "ccomp" "EM_fit.halfsibdata" 
"sort.int" "sort.default" "sort" "ccov" "ccomp" "EM_fit.halfsibdata" 
"eval" "match.arg" "sort.int" "sort.default" "sort" "ccov" "ccomp" "EM_fit.halfsibdata" 
"toString" "cond_cov" "cond_mean_new" "EM_fit.halfsibdata" 
"toString" "ccov" "ccomp" "EM_fit.halfsibdata" 
"match.arg" "sort.int" "sort.default" "sort" "ccov" "ccomp" "EM_fit.halfsibdata" 
"match.arg" "order" "sort.int" "sort.default" "sort" "ccov" "ccomp" "EM_fit.halfsibdata" 
"eigen" "stepreml_1way" "stepreml_2way_mat" "EM_fit.halfsibdata" 
"structure" "new_halfsibdata" "balance.halfsibdata" "balance" "EM_fit.halfsibdata" 
"sort" "ccov" "ccomp" "EM_fit.halfsibdata" 
"match.arg" "order" "sort.int" "sort.default" "sort" "ccov" "ccomp" "EM_fit.halfsibdata" 
"vapply" "order" "sort.int" "sort.default" "sort" "toString" "W" "ccov" "ccomp" "EM_fit.halfsibdata" 
"unique" "factor" "as.factor" "split.default" "split" "cond_cov" "EM_fit.halfsibdata" 
"toString" "t" "ccov" "ccomp" "EM_fit.halfsibdata" 
".doSortWrap" "sort.int" "sort.default" "sort" "ccov" "ccomp" "EM_fit.halfsibdata" 
"match.arg" "order" "sort.int" "sort.default" "sort" "ccov" "ccomp" "EM_fit.halfsibdata" 
"toString" "t" "ccov" "ccomp" "EM_fit.halfsibdata" 
"as.matrix" "solve.default" "solve" "cond_mean_new" "EM_fit.halfsibdata" 
".doSortWrap" "sort.int" "sort.default" "sort" "ccov" "ccomp" "EM_fit.halfsibdata" 
"sort" "ccov" "ccomp" "EM_fit.halfsibdata" 
"ccov" "ccomp" "EM_fit.halfsibdata" 
"ccov" "ccomp" "EM_fit.halfsibdata" 
"paste" "cond_cov" "cond_mean_new" "EM_fit.halfsibdata" 
"vapply" "order" "sort.int" "sort.default" "sort" "ccov" "ccomp" "EM_fit.halfsibdata" 
"/" "EM_fit.halfsibdata" 
"match.fun" "vapply" "order" "sort.int" "sort.default" "sort" "ccov" "ccomp" "EM_fit.halfsibdata" 
"sort.int" "sort.default" "sort" "ccov" "ccomp" "EM_fit.halfsibdata" 
"sort.int" "sort.default" "sort" "cond_cov" "cond_mean_new" "EM_fit.halfsibdata" 
"ccomp" "EM_fit.halfsibdata" 
"toString" "ccov" "ccomp" "EM_fit.halfsibdata" 
".makeSortEnum" ".doSortWrap" "sort.int" "sort.default" "sort" "toString" "W" "ccov" "ccomp" "EM_fit.halfsibdata" 
"toString.default" "toString" "ccov" "ccomp" "EM_fit.halfsibdata" 
"toString.default" "toString" "t" "cond_cov" "cond_mean_new" "EM_fit.halfsibdata" 
".doSortWrap" "sort.int" "sort.default" "sort" "ccov" "ccomp" "EM_fit.halfsibdata" 
"eval" "match.arg" "order" "sort.int" "sort.default" "sort" "ccov" "ccomp" "EM_fit.halfsibdata" 
"ccov" "ccomp" "EM_fit.halfsibdata" 
"sort" "toString" "W" "cond_cov" "EM_fit.halfsibdata" 
"c" "eval" "eval" "match.arg" "sort.int" "sort.default" "sort" "ccov" "ccomp" "EM_fit.halfsibdata" 
"order" "sort.int" "sort.default" "sort" "toString" "W" "ccov" "ccomp" "EM_fit.halfsibdata" 
"sys.frame" "eval" "match.arg" "order" "sort.int" "sort.default" "sort" "toString" "W" "ccov" "ccomp" "EM_fit.halfsibdata" 
"ccov" "ccomp" "EM_fit.halfsibdata" 
"paste" "cond_cov" "EM_fit.halfsibdata" 
"sort" "ccov" "ccomp" "EM_fit.halfsibdata" 
"paste" "toString.default" "toString" "ccov" "ccomp" "EM_fit.halfsibdata" 
"pmatch" "match.arg" "order" "sort.int" "sort.default" "sort" "ccov" "ccomp" "EM_fit.halfsibdata" 
"eval" "match.arg" "order" "sort.int" "sort.default" "sort" "ccov" "ccomp" "EM_fit.halfsibdata" 
"paste" "toString.default" "toString" "cond_cov" "cond_mean_new" "EM_fit.halfsibdata" 
"vapply" "order" "sort.int" "sort.default" "sort" "toString" "W" "ccov" "ccomp" "EM_fit.halfsibdata" 
"sort" "ccov" "ccomp" "EM_fit.halfsibdata" 
"EM_fit.halfsibdata" 
"length" ".doSortWrap" "sort.int" "sort.default" "sort" "ccov" "ccomp" "EM_fit.halfsibdata" 
"paste" "toString.default" "toString" "t" "cond_cov" "cond_mean_new" "EM_fit.halfsibdata" 
"paste" "toString.default" "toString" "W" "ccov" "ccomp" "EM_fit.halfsibdata" 
"eval" "match.arg" "order" "sort.int" "sort.default" "sort" "ccov" "ccomp" "EM_fit.halfsibdata" 
"match.arg" "sort.int" "sort.default" "sort" "toString" "W" "ccov" "ccomp" "EM_fit.halfsibdata" 
"paste" "toString.default" "toString" "W" "ccov" "ccomp" "EM_fit.halfsibdata" 
"cond_mean_new" "EM_fit.halfsibdata" 
"paste" "t" "ccov" "ccomp" "EM_fit.halfsibdata" 
"vapply" "order" "sort.int" "sort.default" "sort" "ccov" "ccomp" "EM_fit.halfsibdata" 
"paste" "toString.default" "toString" "ccov" "ccomp" "EM_fit.halfsibdata" 
"match.arg" "sort.int" "sort.default" "sort" "ccov" "ccomp" "EM_fit.halfsibdata" 
"cond_mean_new" "EM_fit.halfsibdata" 
"paste" "toString.default" "toString" "ccov" "ccomp" "EM_fit.halfsibdata" 
"paste" "ccov" "ccomp" "EM_fit.halfsibdata" 
"order" "sort.int" "sort.default" "sort" "toString" "W" "ccov" "ccomp" "EM_fit.halfsibdata" 
"order" "sort.int" "sort.default" "sort" "ccov" "ccomp" "EM_fit.halfsibdata" 
"sort.default" "sort" "toString" "W" "cond_cov" "cond_mean_new" "EM_fit.halfsibdata" 
"order" "sort.int" "sort.default" "sort" "ccov" "ccomp" "EM_fit.halfsibdata" 
"match.arg" "order" "sort.int" "sort.default" "sort" "ccov" "ccomp" "EM_fit.halfsibdata" 
"sort.int" "sort.default" "sort" "ccov" "ccomp" "EM_fit.halfsibdata" 
".doSortWrap" "sort.int" "sort.default" "sort" "ccov" "ccomp" "EM_fit.halfsibdata" 
"match.arg" "sort.int" "sort.default" "sort" "cond_cov" "cond_mean_new" "EM_fit.halfsibdata" 
"vapply" "order" "sort.int" "sort.default" "sort" "ccov" "ccomp" "EM_fit.halfsibdata" 
"paste" "t" "ccov" "ccomp" "EM_fit.halfsibdata" 
"sort.default" "sort" "ccov" "ccomp" "EM_fit.halfsibdata" 
"paste" "toString.default" "toString" "W" "ccov" "ccomp" "EM_fit.halfsibdata" 
"paste" "cond_cov" "cond_mean_new" "EM_fit.halfsibdata" 
".doSortWrap" "sort.int" "sort.default" "sort" "ccov" "ccomp" "EM_fit.halfsibdata" 
"sort" "toString" "W" "ccov" "ccomp" "EM_fit.halfsibdata" 
"toString" "W" "ccov" "ccomp" "EM_fit.halfsibdata" 
"ccomp" "EM_fit.halfsibdata" 
"match.arg" "order" "sort.int" "sort.default" "sort" "cond_cov" "cond_mean_new" "EM_fit.halfsibdata" 
"paste" "toString.default" "toString" "W" "ccov" "ccomp" "EM_fit.halfsibdata" 
"eval" "match.arg" "order" "sort.int" "sort.default" "sort" "toString" "W" "ccov" "ccomp" "EM_fit.halfsibdata" 
"toString" "W" "ccov" "ccomp" "EM_fit.halfsibdata" 
"sort.int" "sort.default" "sort" "toString" "W" "ccov" "ccomp" "EM_fit.halfsibdata" 
"sys.function" "formals" "match.arg" "sort.int" "sort.default" "sort" "cond_cov" "cond_mean_new" "EM_fit.halfsibdata" 
"order" "sort.int" "sort.default" "sort" "ccov" "ccomp" "EM_fit.halfsibdata" 
".doSortWrap" "sort.int" "sort.default" "sort" "ccov" "ccomp" "EM_fit.halfsibdata" 
"sys.function" "formals" "match.arg" "sort.int" "sort.default" "sort" "ccov" "ccomp" "EM_fit.halfsibdata" 
"tibble_quos" "tibble::tibble" "stepreml_2way_mat" "EM_fit.halfsibdata" 
"structure" "new_halfsibdata" "balance.halfsibdata" "balance" "EM_fit.halfsibdata" 
"eval" "match.arg" "order" "sort.int" "sort.default" "sort" "toString" "W" "ccov" "ccomp" "EM_fit.halfsibdata" 
"sort.default" "sort" "toString" "W" "ccov" "ccomp" "EM_fit.halfsibdata" 
"ccomp" "EM_fit.halfsibdata" 
"sort" "toString" "W" "ccov" "ccomp" "EM_fit.halfsibdata" 
"vapply" "order" "sort.int" "sort.default" "sort" "cond_cov" "cond_mean_new" "EM_fit.halfsibdata" 
"eval" "match.arg" "order" "sort.int" "sort.default" "sort" "ccov" "ccomp" "EM_fit.halfsibdata" 
"vapply" "order" "sort.int" "sort.default" "sort" "ccov" "ccomp" "EM_fit.halfsibdata" 
"sys.function" "formals" "match.arg" "order" "sort.int" "sort.default" "sort" "ccov" "ccomp" "EM_fit.halfsibdata" 
"formals" "match.arg" "order" "sort.int" "sort.default" "sort" "ccov" "ccomp" "EM_fit.halfsibdata" 
"paste" "toString.default" "toString" "cond_cov" "cond_mean_new" "EM_fit.halfsibdata" 
"toString" "W" "ccov" "ccomp" "EM_fit.halfsibdata" 
"order" "sort.int" "sort.default" "sort" "toString" "W" "ccov" "ccomp" "EM_fit.halfsibdata" 
"toString" "t" "ccov" "ccomp" "EM_fit.halfsibdata" 
"toString" "ccov" "ccomp" "EM_fit.halfsibdata" 
"any" "order" "sort.int" "sort.default" "sort" "cond_cov" "cond_mean_new" "EM_fit.halfsibdata" 
"match.arg" "order" "sort.int" "sort.default" "sort" "ccov" "ccomp" "EM_fit.halfsibdata" 
"eval" "eval" "match.arg" "sort.int" "sort.default" "sort" "ccov" "ccomp" "EM_fit.halfsibdata" 
"sort.default" "sort" "toString" "W" "ccov" "ccomp" "EM_fit.halfsibdata" 
"sort.int" "sort.default" "sort" "unname" "FUN" "lapply" "unique" ".External2" "%>%" "cond_cov" "EM_fit.halfsibdata" 
"sys.frame" "eval" "match.arg" "order" "sort.int" "sort.default" "sort" "ccov" "ccomp" "EM_fit.halfsibdata" 
"match.arg" "order" "sort.int" "sort.default" "sort" "ccov" "ccomp" "EM_fit.halfsibdata" 
"sort.int" "sort.default" "sort" "ccov" "ccomp" "EM_fit.halfsibdata" 
"paste" "toString.default" "toString" "ccov" "ccomp" "EM_fit.halfsibdata" 
"sort.default" "sort" "toString" "W" "cond_cov" "EM_fit.halfsibdata" 
"toString.default" "toString" "ccov" "ccomp" "EM_fit.halfsibdata" 
"sort.int" "sort.default" "sort" "ccov" "ccomp" "EM_fit.halfsibdata" 
"sort" "ccov" "ccomp" "EM_fit.halfsibdata" 
"order" "sort.int" "sort.default" "sort" "ccov" "ccomp" "EM_fit.halfsibdata" 
"sort.default" "sort" "toString" "W" "cond_cov" "EM_fit.halfsibdata" 
"c" "eval" "eval" "match.arg" "sort.int" "sort.default" "sort" "ccov" "ccomp" "EM_fit.halfsibdata" 
"vapply" "order" "sort.int" "sort.default" "sort" "ccov" "ccomp" "EM_fit.halfsibdata" 
"eval" "match.arg" "order" "sort.int" "sort.default" "sort" "ccov" "ccomp" "EM_fit.halfsibdata" 
"sys.function" "formals" "match.arg" "sort.int" "sort.default" "sort" "ccov" "ccomp" "EM_fit.halfsibdata" 
"paste" "cond_cov" "EM_fit.halfsibdata" 
"order" "sort.int" "sort.default" "sort" "ccov" "ccomp" "EM_fit.halfsibdata" 
"formals" "match.arg" "sort.int" "sort.default" "sort" "ccov" "ccomp" "EM_fit.halfsibdata" 
"ccov" "ccomp" "EM_fit.halfsibdata" 
"eval" "match.arg" "sort.int" "sort.default" "sort" "ccov" "ccomp" "EM_fit.halfsibdata" 
"toString" "t" "cond_cov" "cond_mean_new" "EM_fit.halfsibdata" 
"paste" "t" "ccov" "ccomp" "EM_fit.halfsibdata" 
"sort.default" "sort" "ccov" "ccomp" "EM_fit.halfsibdata" 
"eval" "match.arg" "sort.int" "sort.default" "sort" "toString" "W" "ccov" "ccomp" "EM_fit.halfsibdata" 
"pmatch" "match.arg" "order" "sort.int" "sort.default" "sort" "ccov" "ccomp" "EM_fit.halfsibdata" 
"sort.int" "sort.default" "sort" "cond_cov" "cond_mean_new" "EM_fit.halfsibdata" 
"paste" "toString.default" "toString" "ccov" "ccomp" "EM_fit.halfsibdata" 
"sys.function" "formals" "match.arg" "sort.int" "sort.default" "sort" "ccov" "ccomp" "EM_fit.halfsibdata" 
"c" "match.arg" "sort.int" "sort.default" "sort" "ccov" "ccomp" "EM_fit.halfsibdata" 
"paste" "toString.default" "toString" "ccov" "ccomp" "EM_fit.halfsibdata" 
"cond_cov" "cond_mean_new" "EM_fit.halfsibdata" 
"sort.int" "sort.default" "sort" "toString" "W" "ccov" "ccomp" "EM_fit.halfsibdata" 
"pmatch" "match.arg" "order" "sort.int" "sort.default" "sort" "toString" "W" "ccov" "ccomp" "EM_fit.halfsibdata" 
"baseenv" "eval" "match.arg" "order" "sort.int" "sort.default" "sort" "ccov" "ccomp" "EM_fit.halfsibdata" 
"as.character" "eval" "match.arg" "sort.int" "sort.default" "sort" "toString" "W" "ccov" "ccomp" "EM_fit.halfsibdata" 
"cond_mean_new" "EM_fit.halfsibdata" 
"sys.function" "formals" "match.arg" "order" "sort.int" "sort.default" "sort" "ccov" "ccomp" "EM_fit.halfsibdata" 
"order" "sort.int" "sort.default" "sort" "ccov" "ccomp" "EM_fit.halfsibdata" 
"is.function" "match.fun" "vapply" "order" "sort.int" "sort.default" "sort" "ccov" "ccomp" "EM_fit.halfsibdata" 
"any" "order" "sort.int" "sort.default" "sort" "ccov" "ccomp" "EM_fit.halfsibdata" 
"sort" "toString" "W" "cond_cov" "cond_mean_new" "EM_fit.halfsibdata" 
".doSortWrap" "sort.int" "sort.default" "sort" "ccov" "ccomp" "EM_fit.halfsibdata" 
"toString" "t" "ccov" "ccomp" "EM_fit.halfsibdata" 
"c" "eval" "eval" "match.arg" "order" "sort.int" "sort.default" "sort" "ccov" "ccomp" "EM_fit.halfsibdata" 
"match.arg" "sort.int" "sort.default" "sort" "ccov" "ccomp" "EM_fit.halfsibdata" 
".makeSortEnum" ".doSortWrap" "sort.int" "sort.default" "sort" "cond_cov" "cond_mean_new" "EM_fit.halfsibdata" 
"vapply" "order" "sort.int" "sort.default" "sort" "ccov" "ccomp" "EM_fit.halfsibdata" 
"order" "sort.int" "sort.default" "sort" "ccov" "ccomp" "EM_fit.halfsibdata" 
"EM_fit.halfsibdata" 
"match.arg" "sort.int" "sort.default" "sort" "ccov" "ccomp" "EM_fit.halfsibdata" 
"toString" "cond_cov" "cond_mean_new" "EM_fit.halfsibdata" 
"match.arg" "sort.int" "sort.default" "sort" "ccov" "ccomp" "EM_fit.halfsibdata" 
"toString" "W" "ccov" "ccomp" "EM_fit.halfsibdata" 
"order" "sort.int" "sort.default" "sort" "ccov" "ccomp" "EM_fit.halfsibdata" 
"toString" "t" "ccov" "ccomp" "EM_fit.halfsibdata" 
"paste" "cond_cov" "cond_mean_new" "EM_fit.halfsibdata" 
"t" "ccov" "ccomp" "EM_fit.halfsibdata" 
"paste" "toString.default" "toString" "ccov" "ccomp" "EM_fit.halfsibdata" 
"sort.int" "sort.default" "sort" "ccov" "ccomp" "EM_fit.halfsibdata" 
"sort.int" "sort.default" "sort" "ccov" "ccomp" "EM_fit.halfsibdata" 
"sort.int" "sort.default" "sort" "toString" "W" "cond_cov" "EM_fit.halfsibdata" 
"paste" "toString.default" "toString" "W" "ccov" "ccomp" "EM_fit.halfsibdata" 
"toString" "ccov" "ccomp" "EM_fit.halfsibdata" 
"paste" "t" "ccov" "ccomp" "EM_fit.halfsibdata" 
"vapply" "order" "sort.int" "sort.default" "sort" "ccov" "ccomp" "EM_fit.halfsibdata" 
"cond_cov" "EM_fit.halfsibdata" 
"sort.int" "sort.default" "sort" "ccov" "ccomp" "EM_fit.halfsibdata" 
"paste" "toString.default" "toString" "ccov" "ccomp" "EM_fit.halfsibdata" 
"match.arg" "order" "sort.int" "sort.default" "sort" "ccov" "ccomp" "EM_fit.halfsibdata" 
"paste" "toString.default" "toString" "t" "ccov" "ccomp" "EM_fit.halfsibdata" 
"vapply" "drop_null" "glue_data" "glue::glue" ".name_spec" "<Anonymous>" ".External2" "vec_c" "splice_dfs" "tibble_quos" "tibble::tibble" "stepreml_2way_mat" "EM_fit.halfsibdata" 
"cond_cov" "cond_mean_new" "EM_fit.halfsibdata" 
"paste" "toString.default" "toString" "ccov" "ccomp" "EM_fit.halfsibdata" 
"is.na" ".makeSortEnum" ".doSortWrap" "sort.int" "sort.default" "sort" "ccov" "ccomp" "EM_fit.halfsibdata" 
"ccov" "ccomp" "EM_fit.halfsibdata" 
"stepreml_2way_mat" "EM_fit.halfsibdata" 
"vapply" "order" "sort.int" "sort.default" "sort" "ccov" "ccomp" "EM_fit.halfsibdata" 
"match.arg" "sort.int" "sort.default" "sort" "toString" "W" "ccov" "ccomp" "EM_fit.halfsibdata" 
"paste" "ccov" "ccomp" "EM_fit.halfsibdata" 
"-" "EM_fit.halfsibdata" 
"match.fun" "vapply" "order" "sort.int" "sort.default" "sort" "unname" "FUN" "lapply" "unique" ".External2" "%>%" "cond_cov" "EM_fit.halfsibdata" 
"match.arg" "sort.int" "sort.default" "sort" "ccov" "ccomp" "EM_fit.halfsibdata" 
"c" "eval" "eval" "match.arg" "sort.int" "sort.default" "sort" "ccov" "ccomp" "EM_fit.halfsibdata" 
"W" "ccov" "ccomp" "EM_fit.halfsibdata" 
"pmatch" "match.arg" "order" "sort.int" "sort.default" "sort" "ccov" "ccomp" "EM_fit.halfsibdata" 
"sort" "ccov" "ccomp" "EM_fit.halfsibdata" 
"c" "eval" "eval" "match.arg" "sort.int" "sort.default" "sort" "cond_cov" "cond_mean_new" "EM_fit.halfsibdata" 
"toString.default" "toString" "ccov" "ccomp" "EM_fit.halfsibdata" 
"sort.int" "sort.default" "sort" "ccov" "ccomp" "EM_fit.halfsibdata" 
"toString" "W" "ccov" "ccomp" "EM_fit.halfsibdata" 
"eval" "match.arg" "sort.int" "sort.default" "sort" "ccov" "ccomp" "EM_fit.halfsibdata" 
"match.arg" "order" "sort.int" "sort.default" "sort" "cond_cov" "cond_mean_new" "EM_fit.halfsibdata" 
"sort.int" "sort.default" "sort" "ccov" "ccomp" "EM_fit.halfsibdata" 
"sort.int" "sort.default" "sort" "ccov" "ccomp" "EM_fit.halfsibdata" 
"-" "EM_fit.halfsibdata" 
"paste" "t" "ccov" "ccomp" "EM_fit.halfsibdata" 
"file" "summaryRprof" 
"print.default" "print" "print.data.frame" "<Anonymous>" 
